spic
multiform
attachable
suctorial
eucaryotic
indoor
well-formed
fibrinous
soleless
bastioned
pulchritudinous
symphonic
one and only
baby-faced
perspicuous
pellucid
quantifiable
modernised
sane
pleasing
inventive
humanitarian
poignant
horny
gung ho
in the altogether
anticipatory
eremitic
vindicatory
hep
amative
sanitary
autarkical
stark
photogenic
recondite
unsurprising
proper
industrial
multifaceted
ennobling
heart-to-heart
unmechanized
determinable
choky
arcane
clip-on
gemmiferous
bicuspidate
upper
glistening
flaunty
hospitable
suitable
bucked up
cost-effective
imposed
etiologic
down-to-earth
antimicrobic
fulgurant
interactive
hulky
excellent
accessional
round-bottom
tied
endemical
hell-bent
up to
wary
charitable
scraggy
borderline
uninviting
flowing
oblique-angled
shiny
congenial
cheerful
cutting-edge
glowing
magnificent
thought-provoking
condescending
one-eyed
legendary
short-nosed
adventuresome
regimented
mobile
globose
untoothed
heroic
moral
obsessive
foldable
traditionalistic
enlightening
heterodactyl
sparkly
bottommost
predatory
presocratic
pedantic
reconstructive
testate
high-altitude
grammatical
untalented
beneficent
unexploded
youthful
scrappy
justified
well-proportioned
forgivable
scrumptious
stunned
humanist
self-supporting
pug-nose
singable
sketchy
elephantine
computer readable
standpat
barehanded
unruffled
churchgoing
standby
queenlike
skin-deep
super
controversial
smooth-spoken
foppish
connotative
actable
contagious
intent
high-level
well-mannered
instrumental
erasable
ungracious
diagonalizable
bountied
time-tested
loyal
weary
low-tech
workaday
elite
bindable
fimbriate
hortative
effaceable
preeminent
commonsense
sexually attractive
certificatory
attractable
uncivilized
tottery
absorbed
venturesome
shaky
bonnie
unthought-of
statuesque
anthropomorphic
prodigious
blinding
commendable
perspicacious
swishy
banausic
gallant
recoverable
merciless
rentable
tidy
unprintable
hard-core
accurate
blocky
tearless
conversant
secretive
dogmatic
autumn-blooming
skilful
discoidal
unplowed
understood
errorless
garmentless
answerable
absorbing
limber
maximising
colorful
cyclic
quinquefoliate
excitative
warm
victorian
heartening
latest
self-directed
crucial
loggerheaded
la-di-da
colourful
reversible
adroit
gustatory
dress
wondering
penitential
domestic
debatable
spiky
splendid
ill-proportioned
illustrious
luxurious
triple
monovalent
enduring
blimpish
nonagenarian
nonreturnable
down pat
injectable
inconstant
bidentate
vaulting
strong-scented
indiscriminating
legal
semi-erect
enlightened
presentable
stimulant
used
het
chanted
semiautomatic
better off
utterable
sanctionative
hard to please
two-lobed
crystallized
periphrastic
muffled
incognito
detectable
remunerated
beta
particular
filiform
monosemous
interpretable
slashed
odd-pinnate
thoughtless
quadruple
determined
cuddlesome
couthie
indocile
alimental
man-sized
rechargeable
fagged
abolishable
cleared
cathartic
puissant
hircine
best-selling
interlocutory
nerveless
farcical
wispy
possessed
rousing
scholarly
fretted
lynx-eyed
reverberating
hole-in-corner
omissible
enlivening
shouted
fungible
malefic
invidious
nonproductive
hale
cuneal
correct
distrustful
swagger
a-okay
main
raffish
resonating
gross
blate
labeled
flourishing
nonhereditary
straight-laced
retained
umbrellalike
cookie-sized
nonionised
semi-climbing
innovative
paradisal
contrary
amazed
homological
entrancing
reniform
octogenarian
upper-level
wearable
authenticated
redeeming
observing
advanced
fuzzed
commonsensical
nifty
no-account
enchanting
nondescript
sainted
muddleheaded
agleam
fortuitous
frolicsome
self-contained
lucrative
betrothed
wily
playable
dark-fruited
syncretical
euphonic
reputable
nutritive
weblike
cloudless
emblematic
utilizable
unrivalled
transposable
disclike
overactive
well-ordered
risible
ingratiatory
obsequious
stout-billed
early-blooming
chummy
languorous
favourite
basidial
able
mellowed
disklike
best
applaudable
fat
luminescent
gloveless
clean-limbed
reverberative
ready and waiting
semiparasitic
astute
gladdened
gradable
snub-nosed
splendiferous
tensile
disabused
immodest
unmechanised
unthought
precedential
world-class
falsifiable
clear-cut
cultivable
bold
beardown
webby
reassured
encompassing
interpreted
archiepiscopal
extraordinary
swish
clubbable
telegnostic
big
lovesome
circumspect
important
naif
tricksy
propagandistic
treasonous
encircling
considerate
patent
experimental
bactericidal
astonished
bracing
comparable to
surmisable
personal
unactable
far
squirrel-sized
sympathetic
mercantile
soppy
prim
superordinate
nonsense
literal
exploited
sacrosanct
amyloidal
penetrating
glaucous
monarchical
patient
trifid
silklike
spirituous
welcome
tomboyish
defendable
personable
friendly
complete
incertain
affirmatory
unnerving
at the ready
unwearied
high-tension
asinine
openhearted
close
vacuous
round-fruited
craved
crystallised
first
weather-beaten
oblong
all important
semilunar
spindle-legged
noble
enwrapped
minded
unflagging
fair-and-square
smooth
well-known
tightly fitting
hearty
participatory
consecrated
imaginative
lying in wait
reflective
masterful
lighting-up
intelligent
redolent
letter-perfect
ultrasonic
short-dated
narcotized
athletic
strict
would-be
ringlike
independent
anisometropic
attributable
eulogistic
polychromatic
serendipitous
nurturant
typic
easy
shaggy-haired
bedimmed
carnal
opulent
unafraid
catechetic
elucidative
imperial
hollow-eyed
bean-shaped
evangelical
diverting
staminate
eatable
novel
valued
chesty
allusive
intrepid
pivotal
emeritus
cut
idealised
swept
civilised
low-key
archangelical
michelangelesque
inducive
tactless
mesmerised
rolling
high-keyed
kinky
alterative
equipped
voluble
onomatopoeic
progressive
arcadian
transmittable
credentialled
transmissible
respectable
weighted
ill-defined
well-situated
ambitious
zealous
admissive
arched
wavering
appealing
rubicund
animating
pardonable
humane
decorative
cogitative
coarse-textured
violet-tinted
associable
native
celebrated
absolvitory
healthful
straitlaced
behind-the-scenes
mellow
seamanly
tenderhearted
stoppable
clear-sighted
overconfident
loverlike
life-giving
renunciative
delimited
well-educated
refreshful
sub-rosa
custodial
runcinate
downbound
charming
tasty
implicit
disenchanted
white-blotched
disillusioned
aculeate
high-power
thickset
unostentatious
erudite
veteran
gymnastic
learned
unsullied
proud of
oviform
allargando
aggregated
natty
in the raw
ionized
dead-on
eyelike
well-wishing
al dente
apt
unclogged
acronymic
two-toe
adrenocorticotrophic
four-ply
elder
off the hook
botuliform
unpatriotic
designing
graceful
byzantine
cognisant
idolised
outstanding
leptorrhine
mouth-watering
corking
flyaway
humid
unprovoking
undulant
dissociable
earsplitting
rescindable
whipping
democratic
resolute
extractible
evitable
beforehand
foliolate
substantial
nectariferous
mind-boggling
keyed
pollyannaish
enlivened
mixable
timeserving
seminiferous
heavy-limbed
frumpy
tractile
ulcerative
sure-enough
functional
agglomerate
yonder
sustainable
square-toed
fleshly
pug-nosed
perpetual
hypnotized
preferent
top-notch
validated
esthetical
hedonistic
creative
debonair
well-off
double-barrelled
deflective
unread
mincing
maximizing
sneaky
purifying
mind-blowing
prestigious
traceable
ironlike
fall-blooming
arty-crafty
self-respecting
mint
diminishing
plane
hopped-up
trifoliated
lightsome
pondering
fissile
guiltless
headfirst
metal-cutting
imperious
catchy
prescriptive
mesmeric
usufructuary
ordered
star
longsighted
merited
white
sudorific
obligatory
incisive
fertile
calciferous
tenuous
de luxe
infra dig
everyday
kid-glove
deviant
ungovernable
off-white
impelled
smooth-textured
rangy
three-lobed
under-the-table
ignitible
dictatorial
veritable
enthralling
milky
positive
empyrean
venose
frank
oecumenic
knowledgeable
unmarred
enterprising
comestible
red-blooded
intense
stripped
elysian
permissible
integral
captive
curable
muggy
weighty
impressionable
gilded
hardened
practicable
revitalized
ornate
territorial
aerodynamic
living
datable
narrow-minded
musical
historic
clothesless
empyreal
good-humoured
special
responsive
buxom
battleful
rising
shrewd
germicidal
belt-like
supersonic
priapic
white-streaked
spick
bantering
penny-wise
manageable
phlegmy
nonpareil
theatrical
shy
superlunary
paradoxical
liveborn
exterior
inexpert
splashy
exciting
in high spirits
pietistic
reactive
strange
orchestrated
masochistic
forward-looking
self-asserting
embonpoint
time-consuming
hard-line
effervescent
topless
trifoliolate
playful
helmet-shaped
manful
inspirational
enchanted
in good taste
bilobated
unattractive
spatula-shaped
reposeful
elevated
milch
papery
shellproof
faustian
porticoed
asserted
up to her neck
middle-aged
fruiting
fatigued
overbusy
tender
coltish
drinkable
pet
despotical
ecumenic
factual
come-at-able
freeze-dried
cold-eyed
compos mentis
jocular
unobjectionable
bewitched
saving
plausible
puritanic
discreet
leisured
addressed
stimulating
self-respectful
warmed
cultivated
tight-fitting
informational
fearless
distinguished
slender
left-eyed
unremarkable
invulnerable
wrinkle-resistant
small-eared
straightarrow
copesettic
coagulable
indiscriminate
bailable
comparable
grudging
blue-fruited
frolicky
hooked
zestful
capricious
erose
bustling
time-honored
amentaceous
euphonous
high-ranking
seraphic
bowed
slipshod
unreflected
comic
encouraged
ludicrous
applicable
awed
discouraged
objective
alimentary
awl-shaped
duncish
morbific
sanative
emancipative
deluxe
manque
cunning
paradisiacal
equine
believable
destroyable
lighthearted
well-dressed
trilobed
up to my neck
wafer-thin
despotic
crescent
cuspidate
pricey
self-denying
elongate
boss
preferred
pug-faced
time-honoured
victimised
bimodal
dreamlike
psychic
sportive
ruling
greedy
necessary
clarion
new-mown
snowy
mannerly
esteemed
palm-shaped
killing
patronizing
harmonizable
tractable
sized
berried
cherry-sized
fly-by-night
booming
amphiprostyle
foreseeable
consolable
egocentric
right-eyed
agreeable
sopranino
courtly
gentlemanlike
sure-fire
adolescent
tight fitting
civil
naked as a jaybird
bucolic
guileless
penetrative
behaviourist
ruly
on the job
cool
cultivatable
safety-related
silvery-leafed
indubitable
puddingheaded
sizzling
beefed-up
neutralized
transitional
long-shanked
inverse
standardized
bellicose
droll
heaven-sent
dulcet
chic
recyclable
brag
peaceful
plugged
seeable
acknowledgeable
ideal
weedless
nonpartisan
absorbefacient
alternative
meaningful
concerned
opportunist
providential
introvertive
enhanced
overrefined
get-at-able
daredevil
thankful
two-pronged
paraboloidal
indispensable
in store
palsy-walsy
tagged
well-made
silky
misrepresented
heretical
taken with
thespian
shredded
thorough
homologic
astral
turned out
accommodating
standardised
castrated
homogenous
thick
square-tailed
barbaric
industrialised
questioning
unreadable
avuncular
sporting
attacking
thinking
immunosuppressed
comprehensible
high-voltage
edgeless
softened
idolized
presumptive
rightmost
battlemented
draining
ensorcelled
angulate
cosmetic
amnionic
nodular
alluring
self-centred
worn out
maculate
resourceful
mingy
hidebound
spunky
excrescent
splay
sure as shooting
nosed
saltlike
paramount
unaccessible
jubilant
airworthy
fluorescent
reinvigorated
over-the-hill
sylphlike
wrinkleproof
compact
criminatory
zippy
uninformed
upbound
superhuman
rock-steady
frisky
pinwheel-shaped
sexy
acceptive
inviting
maintained
qualitative
voluntary
platonic
worthful
analytic
fecund
multi-valued
stretchable
addlebrained
civil-libertarian
spore-bearing
meek
triangulate
prepared
congruous
endowed
cringing
tight-laced
incumbent
top-grade
aggressive
vernal
pestilential
remote
fitting
worldly-wise
according
authoritarian
matter-of-course
psychical
evangelistic
hypothetic
untired
flatbottom
severable
ravishing
sprightly
lifelike
yellow-striped
irenic
interspecific
very
amicable
unpredictive
attractive
higher-ranking
branded
demon-ridden
dear
pliable
rolled
senile
hypnotised
triangular
disheartened
ducal
pacific
unsubtle
motile
insufferable
condign
old-time
indissoluble
hot
combed
spindle-shanked
uncommon
positively charged
mind-bending
translunary
placid
innumerate
patronising
dashing
calligraphic
symmetrical
acatalectic
evasive
graduated
emphasised
larger
reviving
wide
disrespectful
topnotch
crow-sized
foreboding
accessory
exonerated
characterless
soundable
ready
anglophilic
flinty
honeyed
tiger-striped
apothegmatic
highbrow
veiled
soul-stirring
sad-faced
face-saving
unabated
remunerative
obsessive-compulsive
sex-starved
leftish
nonvolatilisable
spiritous
zoftig
choice
goody-goody
perceptible
mellisonant
cloistered
inconsiderable
peace-loving
salient
double
cordial
ready-to-eat
humanlike
melodious
slangy
egg-producing
transvestite
hydrolyzable
collaborative
organic
lightless
perfectible
transfixed
broad-brimmed
vigilant
fortunate
soignee
tortious
tricolor
panoptic
shaped
pectinate
teen
prepossessing
astounded
toothsome
conquerable
rallying
expandable
pert
rarefied
propellant
aphoristic
congratulatory
rollicking
larghissimo
physiological
trendy
runny
adrift
educational
devouring
meet
coccoid
vacillant
keen-eyed
storied
staccato
behaviouristic
discernible
implacable
ornamental
workable
tempting
virile
exculpated
seemly
every
timeless
interior
civilized
compelling
consumable
cognizant
well-tried
bareheaded
authentic
carbocyclic
eclectic
quarantined
inner
homophonic
hazardous
anglophobic
deliverable
catholic
sensuous
confirmable
sr.
pernickety
unemotional
vibrant
rabble-rousing
unclouded
untutored
intimidated
wilsonian
statesmanly
two-fold
twisted
hopeful
splotched
self-generated
realized
neoliberal
late-spring-blooming
hip to
technophobic
healed
engaging
tending
silver
nonleaded
must
unschooled
expansionist
sibylline
quick-drying
determinative
solid-hoofed
innocent
unavowed
copasetic
of age
fusible
modifiable
veined
large
armed
quick-eared
flatbottomed
torpid
intelligible
unmortgaged
beloved
practiced
saintly
boneheaded
ex officio
inelaborate
on guard
well-meant
long-range
blatant
penicillin-resistant
well-read
voltarian
wakeful
new-sprung
abient
veracious
jaggy
extendible
definable
obliged
selective
educative
world-shattering
publishable
accepted
matured
fanciful
raimentless
toned
unedited
unproven
swell
ionised
sharp-eyed
dim-witted
upbeat
can-do
inefficacious
rosy-purple
long-spurred
chubby
exoteric
foremost
caudate
unmistakable
driving
hollow
farinaceous
regardful
trustworthy
aural
lysogenic
sovereign
invitational
bipinnate
stock-still
undulatory
celestial
implausible
high-yield
interspecies
wolf-sized
hurrying
profound
represented
fabulous
inscrutable
implemental
spotless
tantamount
audacious
epochal
worldly
undaunted
set
disposable
bisexual
filarial
inclined
intact
undereducated
enthusiastic
sybaritic
trilobate
artistic
wheel-like
expiable
diacritic
vivacious
ternate
wittgensteinian
broadloom
needful
melodramatic
louche
refreshing
inquisitive
spic-and-span
optimistic
addible
explicit
material
following
adoptable
healthier
warmhearted
climbable
all over
impermanent
submergible
spiffing
alone
tortuous
transpiring
nonsensical
intrinsic
square
supercilious
utilitarian
bounden
mazy
patriotic
marauding
jocose
overdone
indicatory
ambiguous
obvious
principal
tendentious
inspired
accessorial
big-chested
unexclusive
altissimo
coveted
inspiring
joint
ribbony
nipping
high-top
card-playing
ice-free
picturesque
moving
absurd
terrific
daisylike
vibrational
deserved
nourishing
consenting
white-lipped
meltable
maneuverable
most-valuable
carposporous
lissom
sharp
fungicidal
staple
hyaline
lenten
amygdaloid
hangdog
conforming
respectful
oblivious
preponderant
exhibitionistic
accepting
interested
involved
canty
sensible
brownish-striped
domesticated
engaged
elegant
seductive
popeyed
two-year-old
corresponding
well thought out
encyclopedic
better-looking
unproved
taken up
eternal
born
laconic
indwelling
antipyretic
cleansing
powerful
up to our necks
sculptured
denotative
shrew-sized
isomorphous
informative
narcissistic
stealthy
spell-bound
sweet-smelling
quasi-religious
deliberate
aghast
deep-lobed
peachy
arguable
virtual
yon
compulsory
homosporous
faddish
clear-eyed
deciding
spring-blooming
apothegmatical
kind-hearted
compatible
unstirred
definitive
superannuated
lateral
middlemost
motivative
beneficial
rotatable
affectionate
acephalous
aeonian
conscionable
official
overenthusiastic
not bad
medical
invariant
tamable
maidenly
hoity-toity
spongelike
attainable
naturistic
dirigible
annihilative
mighty
precious
chalky
stoned
semiliterate
wise
defeasible
momentary
collapsible
unsexed
assaultive
demonstrative of
error-prone
top-flight
big-ticket
imbecilic
depictive
sporogenous
nonracist
qualified
incomplete
precocial
anthelmintic
discourteous
laudatory
harmonic
pragmatic
circumstantial
zonary
possessive
well-chosen
featureless
clubbish
provocative
staid
signal
pinnatisect
multifarious
enticing
bacciferous
elaborate
hi-tech
affirmative
aggregate
finespun
settled
violet-tinged
verified
anaclitic
extinguishable
relaxing
holier-than-thou
wormlike
perceivable
first-class
worldly-minded
heads-up
textured
decisive
tantalising
gossamer
stand-alone
clipped
sissyish
au fait
indicative
brawny
affirmable
submissive
messianic
crowning
hiplength
repressed
redemptive
premeditated
intensifying
bared
allotropical
putative
homologous
dismayed
cognoscible
functionally illiterate
far left
awing
profit-maximizing
lit
roaring
extendable
equal
leering
receptive
newfound
erogenous
wobbly
tame
polar
disgusted
painterly
sick of
foursquare
measured
insightful
made-up
immunised
inured
flexible
antifungal
unclimbable
sought
exculpatory
thwarting
depressant
valuable
well-balanced
footloose
impeccant
hammy
striate
laureate
epic
rust-free
voluptuous
domed
infrasonic
consummate
model
yeatsian
palmately-lobed
everlasting
wedge-shaped
lustrous
out-and-out
indecipherable
adrenocorticotropic
no-good
red-striped
unaffectionate
mimetic
thinkable
uniparous
metaphysical
brazen
presumable
optimum
top-hole
refulgent
exigent
equal to
rabbit-sized
beguiling
eonian
dignified
spruce
high-resolution
unsurpassable
ovate
sottish
elfish
trimmed
hemingwayesque
bondable
aimless
serviceable
fissiparous
pharisaical
rose-purple
noncombustible
bladderlike
doddering
servile
a-ok
walk-to
pinnate
live
harmonical
chance
macromolecular
cracking
exhilarating
reformed
belly-up
well-advised
unladylike
faithful
late-flowering
paid
twinkly
plenary
maximum
oblique
benignant
homiletic
sedate
so-so
septicemic
nonindulgent
hardline
self-restraining
coolheaded
proud
stable
three-year-old
stripped-down
haunted
spirited
decorated
right-minded
differentiated
affable
undecipherable
bounded
expert
christly
animated
undisguised
childlike
arcuate
pedate
skillful
meritable
waggish
outside
double-quick
asterisked
renunciant
boney
backhanded
semiskilled
compound
inflected
of sound mind
submersible
electromotive
carminative
paired
word-perfect
aphrodisiac
farseeing
touching
meaning
priggish
knowing
high-sounding
good enough
high-flown
majuscular
empathic
aglow
paripinnate
polychrome
writ large
agglomerative
rotund
euphonious
unprogressive
elvish
grateful
dead on target
rounded
clear
lusty
stilly
overcareful
irreproachable
poised
peeled
causative
thick-haired
appraising
harmonious
oleophilic
delicate
laudable
directed
summary
realizable
circumlocutory
wonderful
restorative
purgatorial
tardive
antiviral
ill-fitting
maximal
involute
labyrinthian
sodden
weatherproof
desiccate
ad hoc
postindustrial
accommodative
victimized
corrigible
cyanogenic
lionhearted
righteous
realised
reclaimable
clubby
voluptuary
chichi
niminy-piminy
extensile
substantive
scalloped
award-winning
oxidizable
filamentlike
manipulable
hagridden
seriocomical
reconciling
noetic
over
unexcitable
melodic
cabalistic
velvety-furred
glamourous
fourfold
resinlike
ferret-sized
spiny-leaved
meanspirited
satisfied
sodding
matey
divisible
knock-down
true
dissident
liquifiable
disreputable
materialistic
astonishing
grey
mild
acaulescent
well-set
late-blooming
phlegmatic
packable
clean
fugitive
differential
aculeated
voltarean
obliging
obedient
spring-flowering
bowing
absorbable
class-conscious
hag-ridden
dispensable
criminative
choleric
profit-maximising
sneaking
stiff-haired
unpassable
teachable
levelheaded
energetic
apprehensible
finished
enough
loved
two-toed
unimaginable
testimonial
apposable
gorgeous
fattish
analgetic
medium-sized
dazzling
sought-after
dutiful
literate
heavy-armed
cranky
all-powerful
governable
perfect
princely
slapdash
mated
vehement
abstruse
amusive
consonant
diagnosable
pent-up
fathomable
telescopic
sculpted
chelate
even-pinnate
peaceable
legged
faulty
aggregative
incurable
kingly
informed
importunate
fab
cordiform
delectable
grey-headed
backward
snazzy
skinny
marvellous
assistive
almond-eyed
semiconductive
impolite
decorous
large-hearted
replaceable
modernized
tasteful
caring
renewed
freewheeling
positionable
apodictic
level-headed
mystical
thrifty
mass
disloyal
exquisite
rested
exploded
hawk-eyed
sturdy
running
tallish
spiffy
contestable
amphistylar
ripe
spongy
eccrine
slapstick
good
unsure
monarchal
cognate
high-priced
newborn
vestal
saw-toothed
treasonable
devil-may-care
gentlemanly
self-contradictory
conniving
full of life
christlike
specialistic
prudential
blue-eyed
self-involved
pleomorphic
meticulous
able-bodied
opportunistic
floury
consonantal
supreme
unpainful
elliptic
fleeting
epoch-making
mercenary
unplumbed
electrical
cannibalistic
opposite
mushy
oven-ready
fucked-up
owlish
off-color
plangent
triennial
gleeful
liquefiable
bankrupt
curative
reducible
long-dated
etiological
worshipped
superable
cuspidated
romantic
idiotic
yearned-for
crystalline
ceremonial
keen-sighted
abdicable
insolvable
gripping
unflustered
round
statesmanlike
wonderworking
actionable
enamored
clever
vacillating
suggestive
planless
anecdotical
strong-flavored
teenage
clownlike
speakable
colonnaded
strong-smelling
maladjustive
striking
posh
cognizable
soigne
squeezable
wide-eyed
entire
machine readable
accordant
avoidable
amyloid
stark naked
probing
whole
susceptible
dull
flowery
dying
sidelong
naked
overstated
desultory
vivid
plumlike
low-keyed
ruminative
prehensile
weather-stripped
dynamical
contentious
accomplishable
blase
cozy
white-flowered
restful
inviolate
fatherlike
temerarious
appalachian
silver-leafed
unheard
adaptative
reedlike
autoerotic
intentional
manipulative
wished-for
gauguinesque
cured
sedentary
notable
trustful
accomplished
ultranationalistic
captivating
dominating
commissioned
prescribed
anthelminthic
slicked up
comme il faut
extenuating
giving
separable
avertible
tripinnatifid
anaphrodisiac
almond-shaped
anecdotic
hoar
crease-resistant
lyophilised
rattling
endearing
tapering
noted
duplicatable
desirous
bright as a new penny
configurational
aspherical
fatuous
planate
insolent
high-topped
straightlaced
homely
clownish
topical
exhaustible
somatogenic
pucka
seagoing
supplicant
eager
refractive
pungent
ill-used
appreciated
columned
convolute
prolific
holometabolic
inquisitory
impulsive
rose-colored
bullocky
mutable
raisable
putdownable
sheeny
sold
aphrodisiacal
veinlike
low-tension
duteous
farsighted
better
exonerative
reasonable
disinfectant
uncivilised
treble
fiduciary
sadistic
in demand
diaphoretic
judicious
blue-sky
dilettante
alive
unmatched
aweless
deadlocked
mettlesome
bell-shaped
vindicated
vitreous
moderate-size
subtle
cautious
chuffed
priceless
collapsable
estival
adorned
marbleised
alacritous
decadent
steerable
bright
straightforward
candescent
fogged
popular
chaste
digestible
beyond doubt
puritanical
self-explanatory
diacritical
self-reliant
great
phlegmatical
failing
autarchical
subalpine
dissected
cut out
appeasable
oblate
immaculate
administrative
half-time
uncomplete
unstrained
steamy
reportable
blithesome
bonny
privy
virginal
dog-tired
luxe
bungaloid
probatory
dithyrambic
sensory
emboldened
fermentable
sliced
ball-shaped
accessible
measurable
panduriform
underdone
minute
law-abiding
rembrandtesque
out of the question
encouraging
livable
beamy
unassertive
tendencious
stout
retractable
dispassionate
evident
untarnished
pleasurable
mesmerizing
completed
streaked
candid
operant
expansible
bushwhacking
kitschy
tripinnated
leonardesque
balanced
nocturnal
nude
sentimental
greater
world-shaking
open-and-shut
mandatory
avant-garde
isometric
advisory
certified
copesetic
lowermost
moon-round
up to his neck
well-disposed
truthful
low-resolution
attested
argentiferous
sweetheart
twee
esthetic
unending
dosed
exhortatory
irreverent
rotary
steadied
lamblike
hick
trilobated
intrinsical
couth
pathogenic
paternalistic
adoptive
executable
fatalist
christian
rawboned
nonpartizan
gleaming
heady
hoary
softheaded
upon one's guard
up
big-shouldered
fictive
nonionized
hooklike
fiducial
muted
resplendent
deconsecrated
alkalotic
o.k.
mirrorlike
unfaltering
outback
sought after
open-minded
dainty
jocund
lovely
satisfying
consultive
potty
duplicable
tolerant
virtuoso
cumuliform
every last
plus
beamish
fleeceable
solvent
tactful
amphiprotic
gratulatory
unrivaled
man-portable
smoke-free
comprehendible
longanimous
fruitful
sensorial
superlative
hunky-dory
predominate
peaky
worthwhile
biform
hominal
well-adjusted
shrunken
dynamic
crenulated
generative
acquiescent
dog-sized
informatory
streaky
aestival
formidable
deducible
professed
betting
exceptional
shapely
taking
contractile
economical
instinctive
mawkish
styleless
fulgurous
overreaching
milklike
buffoonish
sparkling
cherubic
annihilating
exhilarated
mind-expanding
pornographic
inexperienced
trusted
darling
declarative
obviating
rich
gullible
sweetish
adsorbate
aspirant
certificated
perked up
moneymaking
ineffable
repand
parabolic
zonal
capitalist
smoldering
skirting
conjunct
yelled
second-best
aflame
scheming
biserrate
housewifely
resuscitated
dissilient
versed
flattened
philistine
matched
polite
sumptuary
interactional
enforceable
incised
extirpable
unfathomed
peachy-colored
mercury-contaminated
enmeshed
silvery-leaved
far-famed
purposeful
judgmental
absentminded
litigious
inspiriting
panegyrical
beauteous
unstuck
man-to-man
warriorlike
hifalutin
kempt
willowy
probative
discriminable
amort
documented
hulking
amenable
adjusted
wizened
churning
kept up
praiseful
bran-new
debonaire
leading
fit
low-budget
lyophilized
unwearying
emarginate
approbative
assessable
scheduled
sorbefacient
masterly
optimal
votive
bashful
employable
harmonised
forcipate
catatonic
honored
lenient
con brio
epicurean
overripe
bountiful
solemn
prophylactic
bilinear
mesmerized
self-assertive
marketable
fernless
high-fidelity
arciform
young-begetting
open-eyed
retributory
strong-boned
ponderable
insanitary
recognized
mystifying
equipotent
dual
spotty
stylish
quick-witted
supplicatory
erring
sanitised
unsolvable
compressible
spiritual
embattled
valueless
rustic
neurogenic
queenly
literary
formative
discriminative
penetrable
fissionable
neighborly
narrowing
unlogical
adulatory
propelling
unnameable
resurgent
adorable
superpatriotic
prayerful
haughty
provable
withered
capitalistic
theoretical
talented
ignitable
traitorous
kittenish
cavernous
capitate
covalent
addressable
approving
enured
senior
extensive
nonsubjective
invasive
dependable
well-defined
apposite
aware
busy
vitalizing
vaulted
persevering
licentious
cared-for
ladder-proof
exalting
thoroughgoing
peachy-coloured
tremendous
insular
preventative
isomorphic
careful
pillared
fashionable
ad hominem
finer
flushed
sweet-faced
lesser
harmonized
acquainted
basic
isochronous
awe-inspiring
spent
fulfilled
amniotic
slumberous
satiny
anabolic
scintillating
okay
intermeshed
unconstrained
small-fruited
well-appointed
devoted
ethereal
expendable
muscular
conventional
confident
intensive
connate
self-serving
nice
hearing-impaired
lyrate
fringy
white-seeded
scenic
bovine
archaean
leglike
low-voltage
ethical
wisplike
philanthropic
large-minded
peppy
tameable
empty
delineative
unrewarded
unhesitating
cocksure
het up
pleased
standard
sequestered
broad-shouldered
calibrated
slumbrous
on your guard
decomposable
devious
tricuspid
regnant
rarified
circular
controlled
master
on-key
schmaltzy
apple-shaped
fascinated
manly
changed
immunized
aesthetical
sunken-eyed
palpable
accumulative
wonted
palmy
sacred
illogical
steady-going
typical
danceable
given
interfaith
conflicting
graven
bored
encyclopaedic
congruent
palatable
sharp-cornered
constructive
rough-textured
clarifying
archepiscopal
fine
mellifluous
well-kept
magniloquent
dandified
no-count
crenated
audible
sneak
good-tempered
acronymous
of import
good-natured
gladsome
sublime
wishful
sagittiform
undeferential
ordained
extractable
commonsensible
bibulous
aged
undefeated
slim
barbarian
prevenient
diligent
chromatic
elastic
autoloading
appetent
self-defeating
good-for-nothing
explicable
disk-shaped
streamlined
crafty
greatest
stage-struck
fast
short-eared
sceptical
kinetic
significative
polished
supernal
overcurious
ascetical
stellar
high-energy
administrable
starring
salvageable
shaggy-coated
unselfish
dramatic
pastoral
marked
vegetal
undismayed
quick-sighted
exceeding
bald-faced
trackable
frequent
peerless
arced
deep
pleasant-smelling
perky
lovable
disarming
fantabulous
magnanimous
prospering
slender-winged
made
disjunct
heightening
talentless
neighbourly
unanimous
amateurish
cherished
unresolvable
breathed
doting
chipper
pluperfect
sunset
revered
delineated
innovational
speckless
contemporary
revitalising
coy
beautiful
unmutilated
nuclear
emphasized
unabused
aromatic
effective
influential
creditable
freewill
salty
demoralized
knowable
operational
rickety
upfront
well-turned
allegiant
silver-leaved
uxorious
dianoetic
exhaustive
lithe
hunted
unploughed
licit
bettering
peaty
transuranic
angular
majestic
outdoorsy
stirring
yielding
semi-wild
clean-cut
derivable
right-down
conciliable
awestruck
tottering
pressed
prima facie
tamed
apropos
meritorious
apart
apocryphal
lawful
suspected
even
bribable
parasiticidal
exterminable
half-baked
high
translatable
copacetic
resounding
antic
self-absorbed
stretch
salutary
epicene
desk-bound
barrelled
well-bred
sweet-scented
fitted out
chylifactive
compensated
breeding
sweet
restrained
even-tempered
major
moonlike
red-streaked
decided
extensible
edible
tops
moronic
acrimonious
nonsignificant
rose-cheeked
sanitized
screwball
delightful
vowellike
homogenised
paradisiac
ingenious
a-one
four-fold
rectangular
randy
ripened
sinless
plenteous
intralobular
polytheistic
nonliterate
clean-living
feasible
cordate
homogeneous
braless
invigorating
sinuate
justificatory
downright
unexhausted
expeditious
elated
sellable
cuspated
metamorphic
hyaloid
outspread
neuropsychological
multiparous
carnassial
biodegradable
brushed
screaming
mesomorphic
routine
heated
sui generis
unprejudiced
svelte
orange-sized
observable
toughened
adequate to
spinnable
commutable
continent
rudderless
dull-white
syncretistic
fateful
smooth-skinned
preservable
transferrable
preventive
illuminating
corn-fed
kiwi-sized
hyperfine
studied
plump
reconcilable
howling
unspoilt
maudlin
adjustive
respective
terse
well behaved
retaliatory
compliant
developed
hardy
incautious
outlined
renewing
consultative
clean-handed
infatuated
uplifted
assuring
dateable
graecophile
effete
tolerable
known
level
stately
cocky
abruptly-pinnate
directionless
cost-efficient
undischarged
brooding
revocable
aplanatic
a priori
frangible
affixed
preserved
lendable
amusing
unimpassioned
searching
old-maidish
discursive
oblanceolate
frumpish
titillating
preventable
overmodest
olde worlde
barbed
classy
handsome
abstracted
uncultivated
makeshift
ductile
shrinkable
turkey-sized
selfsame
sinkable
herculean
spinose
impassable
brilliant
kidney-shaped
praiseworthy
brave
cuspate
militant
homiletical
adventurous
marbleized
tangential
seafaring
acquirable
verifiable
purple-veined
observant
invigorated
semiconducting
admired
soupy
discriminate
well-intentioned
top-quality
porcine
plausive
purging
cheering
nonprogressive
ruddy
smokeless
altruistic
advance
visible
twinkling
deflationary
visored
discoid
acyclic
spartan
giant
mouse-eared
aseptic
petitionary
desired
plushy
denticulate
high-crowned
ear-shaped
witless
biradial
bilobate
contrasting
applicatory
consentaneous
gracious
quintessential
alpestrine
intimate
provident
isochronal
sly
duty-bound
bumpkinly
tributary
polymorphous
erectile
serious-minded
canny
demoralised
discoverable
parochial
free-spoken
ace
watchful
dentate
unwieldy
historied
biparous
innermost
barreled
larghetto
gainly
deliberative
epigrammatic
illustrative
wide-ranging
likely
advisable
convoluted
involucrate
astonied
forbearing
self-righteous
usable
three-ply
penitentiary
aetiological
soldierlike
ciliated
honest-to-goodness
digital
guileful
rewardful
hoped-for
embedded
squinting
endogamic
potent
deltoid
bullish
anticlimactic
viscous
sharp-sighted
docile
colour
anticipant
closelipped
bona fide
cagey
definite
aloof
precedented
nugatory
tongue-in-cheek
slap-up
quality
hard-to-please
superb
cleanable
tip-up
flickering
indefatigable
unsoluble
reverend
swank
bombproof
ended
inquisitorial
confiding
salaried
suchlike
revealing
germane
alternate
plummy
cultured
croupy
unequalled
disintegrative
portly
supercharged
streetwise
crack
red-letter
microscopic
recovering
lyrical
gangling
life-and-death
unfrightened
ruttish
ovular
especial
compassionate
killable
inarguable
seditious
gushy
amorous
comical
dandyish
divers
satisfactory
lucky
accessary
prize
perfoliate
stipendiary
brainwashed
addlepated
beltlike
spatulate
starred
amphiprostylar
ablaze
amphoteric
spiny-edged
record-breaking
excogitative
shocked
entertaining
competent
larger-than-life
jury-rigged
high-minded
multiple-choice
specified
high-tech
rivalrous
buckshee
nonflowering
laciniate
physiologic
prima
out-of-door
self-centered
felicitous
human-centered
undetectable
enjoyable
salvific
yokel-like
compendious
sharp-angled
advantageous
hermitical
indecorous
transplantable
charismatic
cagy
nonnegative
top-down
amateur
chief
spellbinding
symphonious
stagflationary
red-fruited
tiptop
coquettish
excitable
showy
eligible
racy
ritualistic
efflorescent
plain
wondrous
illusory
passive
gustatorial
matchless
acanthoid
assertive
subclavian
red-hot
undirected
sumptuous
stratified
mild-mannered
unceasing
intriguing
shriveled
supporting
stated
hypertensive
plush-like
pleasant
semiopaque
courteous
overaged
wrapped up
narcotised
readable
churned-up
lesbian
wooden-headed
tired
jumbo
pronounceable
coercive
debilitating
strategic
pukka
absolved
stupefying
fragrant
winter-blooming
ovoid
freehearted
heterosporous
constricting
beatified
donnish
diametrical
worshipful
pseudoprostyle
impressible
speaking
crescent-shaped
dolabriform
rowdy
full-length
remedial
prime
incriminatory
gaunt
leptorhine
unitary
well-preserved
tripinnate
street smart
kindhearted
serrulate
unapparent
abloom
dishy
cockeyed
non-negotiable
inexhaustible
brassbound
hip-length
childbearing
violet-streaked
degage
notched
closemouthed
piquant
ladylike
pristine
statuary
noteworthy
blunt
furtive
terminated
favorable
honorable
stainless
supposititious
preoccupied
load-bearing
uniform
possible
blue-chip
assured
autogamic
true to
transportable
exhortative
permutable
square-shouldered
hail-fellow
supposed
emotive
behaviorist
aerobic
strong-minded
costly
supple
aleatory
crenulate
in the buff
all-knowing
sincere
double-barreled
sharp-limbed
sold-out
underived
bounteous
shrill
saucy
wanted
conditional
utter
tricuspidate
acceptant
endogamous
dull-purple
unworried
highfalutin
upstage
ascendible
portentous
aflicker
appointed
determining
internationalist
tutelar
disposed
getable
temporary
inductive
inferential
nitid
washable
self-forgetful
diffident
deferent
detachable
waiting
sophisticated
hi-fi
bifocal
amatory
expressible
two-needled
hortatory
kindly
protrusile
fall-flowering
variable
jolly
refreshed
caller
endemic
comprehended
coiled
smashing
luxuriant
trusting
red-rimmed
venturous
drugged
parted
prominent
aspiring
inaccessible
acrobatic
amoristic
memorable
incombustible
compounded
amendable
uncreased
rectifiable
gustative
luscious
polyvalent
self-seeking
accustomed
riveting
of the essence
viable
highbrowed
opposable
fundamental
transferable
motivating
apprehended
smouldering
acceptable
overpriced
vigorous
nectarous
netlike
seasoned
webbed
unbeholden
rightful
cute
scarecrowish
superior
up on
antithetic
refractile
benevolent
faithless
blue-flowered
like
aspheric
detailed
constrictive
thoughtful
scurrying
gingerly
pinnated
overbearing
deciphered
afloat
inmost
errant
glary
idealistic
circumlocutious
centenarian
retributive
adult
cryptic
complimentary
peltate
blotchy
disc-shaped
knavish
upright
inculpable
principled
bifid
drippy
savory
spectacular
looseleaf
dogmatical
epidemic
high-ticket
helminthic
forthright
reverent
venerable
cuneate
adequate
two-handed
valorous
surgical
blameless
without a stitch
primo
renascent
bonzer
tod
slashing
life-or-death
elliptical
decent
alert
fatalistic
aesthetic
abatable
brittle
contrived
flawed
freakish
voidable
unlobed
fatherly
empty-handed
appellative
dry-eyed
alike
aetiologic
barmy
percipient
catachrestic
politic
panegyric
flowered
raising
tantalizing
vendable
hygienical
ageless
fluid
dowdy
sapient
professional
grizzly
fortified
leptorrhinian
viewable
insinuating
good-humored
reedy
squared
agnostic
habitual
abstemious
incumbent on
fatheaded
doddery
hydrocephalic
overambitious
prostyle
loving
perennial
undiscriminating
lowbrow
headlong
halcyon
defiled
pumpkin-shaped
tingling
germfree
groveling
narcotizing
responsible
lumpen
plainspoken
convalescent
all-inclusive
landlubberly
kiplingesque
changeable
available
affected
electropositive
atrophic
operative
assentient
kosher
procurable
suppurative
broad
self-consistent
neck-deep
contrastive
ablative
incomparable
lofty
aweary
hammered
awaited
public-spirited
columnar
lithesome
efficacious
trichromatic
unenlightened
loverly
mathematical
translunar
across-the-board
revelatory
pronounced
older
undulate
wholesome
exalted
dolabrate
tacit
prudent
corymbose
therapeutic
nonrigid
calligraphical
dauntless
pliant
speech-endowed
idiopathic
purulent
safe and sound
well-to-do
bankable
worth
unmeritorious
dark-spotted
synergistic
tribadistic
serrated
best-loved
incriminating
falsetto
old
dewy-eyed
correctional
analgesic
blessed
lipped
moderating
unblinking
overvaliant
contractable
hallucinogenic
phenomenal
confidential
calculative
cuspidal
understated
usual
unpolitical
amnic
supposable
goodish
judicable
snappy
chylifactory
amazing
phylliform
practised
shamefaced
glimmery
frosted
bigger
pertinent
virtuous
disinterested
unmercenary
blockish
hole-and-corner
adored
expressive
disciform
artsy-craftsy
lettered
surreptitious
devout
rapid
protrusible
winsome
governing
feisty
disclosed
countywide
adoring
tightlipped
tall
unhoped
consecrate
revitalised
representable
industrialized
twinning
adept
largo
sightly
mirthful
experient
pretty-pretty
inelegant
unfearing
heart-shaped
good-hearted
elating
bare-ass
imparipinnate
unflurried
unsaturated
cimmerian
unnotched
symptomatic
intuitive
pushy
god-fearing
blockheaded
ectopic
gettable
teetotal
upscale
boffo
crisp
angelic
cosy
good-looking
leguminous
heartwarming
waxlike
slow-witted
required
interesting
velvety-plumaged
ever-changing
achievable
imbecile
palmate
silver-tongued
contaminated
superlunar
affectional
shaping
comely
facetious
unobstructed
lactogenic
pyramidic
recherche
magna cum laude
unambiguous
harum-scarum
small-minded
nethermost
joking
trifoliate
zaftig
correctable
present-day
soft-witted
self-abnegating
valiant
daily
homicidal
uneager
rehabilitative
stand-up
reusable
groundbreaking
couthy
crystal clear
concluded
covetous
faraway
empathetic
up to their necks
double-bedded
anthropomorphous
stretchy
quadrate
high-octane
praising
unifoliate
oval-fruited
diagnostic
requisite
manifest
approachable
well-heeled
venial
palmatifid
inconsequential
obsessional
bookish
constant
needed
calculable
recuperative
suppositious
arrow-shaped
flag-waving
abiding
modulated
constitutional
deferential
discerning
humanistic
operable
rosy
spiny-leafed
merchantable
uninfected
advised
appetizing
magnetic
differentiable
fiscal
nitwitted
inconceivable
incandescent
unelaborate
separative
sneezy
wordsworthian
compressed
deep in thought
graphic
conscious
baronial
forethoughtful
boon
reticent
phyllodial
kind
graecophilic
amygdaliform
long-faced
sharing
favored
healing
conjugate
getatable
unconfined
good-for-naught
composed
controllable
pyramidical
luculent
hominian
sausage-shaped
winter-flowering
propagandist
round-bottomed
waxy
hail-fellow-well-met
predominant
allantoid
slick
unstructured
quaint
paradisaic
musing
macho
raiseable
phagocytic
merry
understanding
negotiable
marbled
well-favoured
rancorous
pricy
renowned
lanceolate
momentaneous
sanctioning
nutritious
workmanlike
allantoic
divorced
talismanic
pretty
apparent
adsorbable
biflagellate
full-blooded
resilient
fiddle-shaped
buoyant
virgin
isolable
conductive
distortable
demonstrable
threefold
overage
explainable
sage
holographical
extended
blest
sharp-eared
alienated
dimmed
soft on
recovered
burnished
promising
shining
murderous
foresightful
unweary
multiplied
corrective
experienced
soldierly
euphonical
inane
greaseproof
biblical
arching
toothy
ambient
floral
lanky
labyrinthine
acidotic
unmalted
au courant
categorematic
renewable
blunted
dilettanteish
traditionalist
bendable
butch
unarguable
paradisaical
connatural
miscible
somatogenetic
capital
lambent
precise
newfangled
unequaled
lighted
soft-haired
unmatchable
quotidian
opportune
unilluminated
sportsmanlike
stalemated
lantern-jawed
dedicated
agog
foolish
handy
unperturbed
rusty
banner
engrossing
bound up
conspicuous
strenuous
brazen-faced
thick-skulled
familiar
earned
holographic
burnable
cyanogenetic
sapiential
credible
sapphirine
emasculate
omniscient
on the button
flamboyant
argumentative
unexplained
reincarnate
anguine
disoriented
worthy
miraculous
openhanded
up in the air
gratified
resonant
spiny-stemmed
self-important
homogenized
consummated
pious
obtainable
staunch
meditative
gracile
ok
perceptive
bunchy
cissy
forthcoming
raiding
almighty
declarable
peanut
balletic
logical
monotheistic
irresponsible
new-made
pinnate-leafed
idolatrous
debonnaire
auspicious
overcautious
navigable
beneficiary
cerebral
oceangoing
consistent
unblemished
surpassing
edifying
run-resistant
deafening
felonious
luminous
challengeable
dropping
reachable
superstitious
unfeigned
abreast
diametric
pyramidal
labelled
anxiolytic
competitive
comradely
propitious
applicative
eleemosynary
antimicrobial
jaunty
deific
avertable
drunken
deviate
gay
prideful
dignifying
vaccinated
equitable
poltroon
overfond
selfless
blanket
deskbound
chopped
two-sided
amended
retrievable
silken
liveable
all-time
salable
polychromic
sanctimonious
thoriated
radical
dilettantish
sublimate
contemplative
hairsplitting
centrist
prolate
nutrient
beholden
neat
flexuous
authoritative
philhellenic
ratiocinative
pussy
skeletal
mutagenic
preachy
ambitionless
nonvolatilizable
movable
random
pinnatifid
detected
egoistic
graceless
savoury
analyzed
pinstriped
unique
volunteer
orthodox
shared
ready-cooked
linear
protective
forgettable
threadlike
middle-of-the-road
groomed
timid
velvety-haired
caulked
ambrosial
unimportant
revolutionary
solid
aroused
uncivil
plumbable
tutelary
consentient
shimmery
jaded
effulgent
nectar-rich
helpful
full-dress
with-it
pursuant
dissoluble
indestructible
earthshaking
ebullient
delineate
bony
productive
coherent
profitable
tangible
politically incorrect
spherical
bouncy
unseeded
hushed
maintainable
focussed
unkindly
bathetic
carefree
reconciled
desiccated
tangled
ambrosian
victorious
pushful
supportive
untaught
balmy
defensible
succinct
mindful
up-to-date
understandable
doglike
underweight
cadaverous
advertent
estimable
secret
shakable
high-spirited
played out
respected
nonvolatile
adopted
adjustable
fulgurating
fain
customary
full-blown
shockable
duncical
laughable
unimprisoned
edified
bladdery
subliminal
lackadaisical
farfetched
high-principled
corrosive
fabian
unionised
affecting
revived
insurable
ample
starry-eyed
au naturel
communicable
ambagious
transvestic
vendible
four-year-old
feebleminded
maverick
argus-eyed
put-upon
interlobular
runproof
up to your neck
mastered
propulsive
holometabolous
recognizable
divine
preponderating
chary
brand-new
charged
tippy
hygienic
archean
unpretentious
good-time
primary
self-made
excitatory
greathearted
arrogant
fine-looking
attentive
unutterable
point-blank
unshaken
unsounded
radiant
valid
round-eyed
exogamic
unattackable
full-time
snug
received
bouncing
auriform
identifiable
analytical
sexed
unionized
economic
unparalleled
ear-like
unmodulated
freeborn
jovial
sagittate
rooted
precooked
genteel
deniable
unsanitary
subtractive
unstrung
florid
synergetic
pictorial
effeminate
oracular
hard-of-hearing
medium-size
arable
vital
misappropriated
anodyne
absolute
like-minded
unaffected
pain-free
ideational
creaseproof
sanguine
unrelated
chylific
narcotising
ranging
first-rate
manoeuvrable
acuminate
extricable
squishy
reassuring
bluff
manlike
serious
shakeable
proficient
desirable
eminent
discriminatory
animal
vulnerable
pear-shaped
photographic
perverted
too-careful
self-sealing
internationalistic
reigning
puncturable
marvelous
endless
alright
hyperactive
petaloid
well-informed
supported
well-knit
clastic
avid
purchasable
noctilucent
backstair
obsessed
nourished
at odds
dreamy
indelicate
effectual
golden
self-assured
deserving
fertilizable
filled
disputatious
heard
nonionic
defined
agile
lead-free
nonpurulent
amylaceous
affective
obovate
erotic
maroon-spotted
highly-sexed
unprovocative
strong
highland
foresighted
odd
high-toned
yarn-spinning
apochromatic
invitatory
nut-bearing
toffee-nosed
pharisaic
cold-temperate
hoydenish
transformed
incitive
willing
on the fence
uninspiring
heroical
vested
well-found
salubrious
reproductive
spinous
copious
delicious
adaptive
double-dyed
substitute
white-haired
punctilious
terrestrial
efficient
smoothed
in the public eye
focused
young
funny
saltish
certifiable
well-behaved
unscholarly
disputable
preposterous
leptorrhinic
polyphonic
triple-crown
avowed
cheeseparing
gargantuan
digressive
jittery
sure-handed
amentiferous
bewitching
impartial
monumental
grape-sized
depletable
well-fixed
on the offensive
fascinating
twofold
lancelike
pianistic
neotenic
thirsty
martial
happy-go-lucky
reliable
hard-fought
baboonish
distant
pig-sized
changeful
propellent
liked
apodeictic
mordacious
exogamous
trial-and-error
philhellene
distinct
concrete
classical
agglomerated
chelated
self-confident
smiling
regent
cum laude
suave
fair
approbatory
self-loading
deep-water
multiracial
unsufferable
credulous
haunting
autogamous
ascendable
sound
merciful
touchable
high-ceilinged
purposive
quotable
fond
premium
square-jawed
apolitical
antiseptic
demonstrated
idyllic
meridian
multivalent
homoerotic
parturient
improvised
hedonic
elderly
dapper
unhealthful
tired of
pending
truehearted
autonomous
burglarproof
fevered
heart-whole
egg-shaped
successful
envious
veridical
tightfitting
alpha
penny-pinching
burning
all-important
exact
practical
capable
bare-breasted
buddy-buddy
all-embracing
sinning
favourable
internal
acting
tillable
imposing
reanimated
comforting
drilled
introversive
heated up
searing
consequential
clubable
dimensional
purple
impregnable
expandible
flowerless
narrow-mouthed
hermitic
slavelike
appealable
pensive
assertable
emotional
amiable
commonplace
bare-assed
sagacious
hefty
prudish
tranquil
slaphappy
soluble
long-legged
blow-by-blow
frustrative
moveable
highly-developed
doable
specular
preferable
spanking
redoubtable
grand
agnostical
eagle-eyed
eye-popping
pally
saleable
essential
inconsequent
less-traveled
anti-intellectual
eristical
brown-striped
barbecued
sensational
lively
leal
calculating
smoothened
on hand
audenesque
guilt-ridden
famous
maternalistic
interminable
printable
nonrecreational
fetching
swaggering
ciliate
smart as a whip
rootbound
overriding
conjectural
skilled
ritzy
high-performance
rakish
conceptive
evaluative
pinnate-leaved
withering
teenaged
corruptible
flowering
ecumenical
loveable
educated
copernican
untainted
due
winning
grey-haired
kabbalistic
on the go
scalable
grilled
happy
earnest
seamanlike
royal
conceptual
starchlike
ironclad
significant
pleasant-tasting
expensive
hugoesque
hearable
illusive
autumn-flowering
bully
convertible
supervisory
a posteriori
faddy
hypothetical
acknowledged
bang-up
nonintellectual
high-powered
square-built
propagative
undersexed
heatable
established
human-centred
godlike
saintlike
half-witted
visceral
in-your-face
shrivelled
wellborn
unelaborated
bicuspid
fatty
beaming
exportable
naive
miserly
arrant
pro bono
undeceived
apple-sized
determinant
hallowed
spinnbar
pure
qabalistic
safe
telling
watermelon-shaped
concupiscent
divinatory
young-bearing
derived
wonky
gifted
flint
complaisant
acanthous
gaga
smart
disparate
niggardly
portable
stone
conveyable
catching
many-sided
noticed
anicteric
boreal
oversexed
cuddly
globular
ungenerous
indebted
yeasty
toothed
chiseled
unpleasing
crowded
all right
equipt
seriocomic
somnolent
unnavigable
sissified
de rigueur
purple-eyed
walking
privileged
lowbrowed
distinguishable
three-cornered
long-snouted
stalwart
regal
folding
technical
resistible
assuasive
impressive
long-life
pragmatical
antifertility
self-loving
early-flowering
stouthearted
marginal
foldaway
unwavering
tittering
glassy
apiculate
spiny
razor-sharp
newsworthy
triploid
inflated
lucid
trim
languid
harebrained
creaseless
derisory
sporty
tapered
cryptical
lunate
treasured
consultatory
tickling
prospicient
reasoning
sweeping
white-hot
uncoordinated
swanky
oval
summa cum laude
deep-eyed
polyphonous
eloquent
paying attention
flaky
famed
self-disciplined
heedful
useable
staring
elaborated
fulgent
procreative
bladed
fallow
syncretistical
exhausted
unromantic
imperfectible
spread
schmalzy
fitter
staggering
expressed
encomiastic
maladaptive
trig
binocular
flatus-relieving
loose-jointed
cleft
in love
honorific
phallic
purple-spotted
good for you
gilt-edged
re-entrant
homophile
true-blue
ardent
empty-bellied
eukaryotic
eristic
outdoor
husbandly
gangly
trichrome
grovelling
refined
gainful
analyzable
psychotherapeutic
equivalent
guarded
biddable
uncomparable
gratifying
snafu
normative
specifiable
incorrupt
chauvinistic
amygdaline
daring
embezzled
sissy
reddish-striped
unbendable
witting
honest-to-god
cloze
indecisive
awesome
bipinnatifid
anticipated
malleable
glamorous
spearhead-shaped
eremitical
becoming
hyperboloidal
light-hearted
abstractive
crank
emphysematous
idealized
hard-and-fast
stimulative
moderate-sized
fine-textured
court-ordered
anticipative
combative
hemiparasitic
whole-souled
hyperbolic
contraceptive
demonstrative
reserved
omnipotent
asteriated
secluded
cleavable
combustible
studious
mental
keen
unworthy
plastic
turned on
numinous
genial
voguish
self-indulgent
formulary
inexplicit
ingratiating
upland
disintegrable
demure
wholehearted
improving
sterling
seminude
sexagenarian
different
calico
ribbonlike
cognisable
classic
courageous
preclusive
heterodox
rational
disciplined
two-ply
pretentious
regular
reparable
scientific
awless
reentrant
versatile
fed up
kinglike
undecomposed
spellbound
declared
sleek
serrate
trusty
surmountable
overeager
unscalable
tried and true
onomatopoetic
noticeable
hardcore
nimble
breezy
healthy
bridgeable
excusable
oppressive
archangelic
highfaluting
discernable
egoistical
quilted
high-necked
emaciated
fantastic
odds-on
spheric
soaring
wizen
improved
pomaded
orbicular
thickheaded
ranking
unrespectable
thriving
unvarying
foxy
crenate
iconoclastic
sidesplitting
creditworthy
hip
distensible
amygdaloidal
dissolvable
grandiose
appetising
hypnotic
neutralised
stored-program
bighearted
partial
skew-eyed
thudding
ascetic
relatiative
emphatic
doubled
taken
trenchant
longed-for
altitudinous
sciolistic
financial
boozy
fernlike
flakey
unintelligible
oecumenical
revitalizing
glossy
decompound
whitish
ascertainable
high-grade
prompt
obtuse
sheer
elect
hominid
prescient
catachrestical
dried-out
revokable
high-backed
on one's guard
hieratic
intellectual
antithetical
swashbuckling
instigative
unhoped-for
emancipated
mature
malted
awestricken
antheral
unambitious
suppliant
short-snouted
syncretic
high-class
liberal
bilobed
calcareous
strait-laced
judicial
assignable
defective
convivial
graspable
doubting
brainy
justifiable
sexual
invaluable
dandy
expectant
parabolical
forgiving
conformable
hand-to-hand
basal
bicephalous
engrossed
oldish
facilitative
meritless
bespoken
potable
antibacterial
zolaesque
alterable
unmerciful
fully fledged
right-hand
lucent
antheridial
prissy
autarchic
squinched
mundane
well-thought-of
together
momentous
sharp-toothed
anchoritic
transparent
benefic
anomic
out of practice
speedy
blazing
suppositional
godly
behavioristic
shield-shaped
steadfast
netted
head-in-the-clouds
lumpish
patient of
spick-and-span
off-colour
trilled
celibate
recognised
mutafacient
smoking
transcendent
honest
catkinate
barrel-shaped
retractile
gyroscopic
paying
maidenlike
unclear
bottom-up
exotic
blotched
malposed
noble-minded
favorite
moralistic
olympian
decipherable
well
catechistic
up-to-the-minute
well-bound
fair-haired
interchangeable
filamentous
cairned
appalled
conceptional
primed
witty
venal
angelical
politically correct
tireless
fastidious
sunny
driven
flirtatious
honourable
vivace
cheery
allotropic
aberrant
expansile
delible
tonal
inexperient
rimmed
neotenous
well-conducted
remarkable
excitant
acorn-shaped
sniffy
pre-socratic
slumbery
midmost
disadvantageous
admirable
old-womanish
topping
backstairs
oval-shaped
stainable
proportionate
hastate
bourgeois
well-favored
yummy
thready
pandurate
indulgent
describable
malignant
obdurate
tuneful
discriminating
dome-shaped
halal
urbane
all-encompassing
slithery
haphazard
unorthodox
cusped
jingoistic
sociable
naming
revised
wormy
placable
exemplary
convenient
blocked
addable
full-fledged
two-eared
sparrow-sized
vicennial
tensionless
jesting
exchangeable
wholesale
polymorphic
straight-from-the-shoulder
prosperous
limpid
rosy-cheeked
pietistical
lissome
brisk
disputative
well-qualified
justificative
uninsured
cuneiform
on the nose
removable
glaring
nationalistic
upmarket
selfish
technophilic
three-fold